// Jest Snapshot v1, https://goo.gl/fbAQLP

exports[`<AddTags /> renders correctly 1`] = `
<View
  style={
    {
      "backgroundColor": "#FDF7ED",
      "flex": 1,
      "flexDirection": "column",
      "justifyContent": "space-around",
    }
  }
>
  <View
    style={
      {
        "flexDirection": "column",
        "gap": 8,
        "maxHeight": 160,
      }
    }
  >
    <View
      style={
        {
          "flexDirection": "row",
          "justifyContent": "center",
          "paddingRight": 0,
          "width": 750,
        }
      }
    >
      <View
        accessibilityState={
          {
            "busy": undefined,
            "checked": undefined,
            "disabled": undefined,
            "expanded": undefined,
            "selected": undefined,
          }
        }
        accessibilityValue={
          {
            "max": undefined,
            "min": undefined,
            "now": undefined,
            "text": undefined,
          }
        }
        accessible={true}
        collapsable={false}
        focusable={true}
        onClick={[Function]}
        onResponderGrant={[Function]}
        onResponderMove={[Function]}
        onResponderRelease={[Function]}
        onResponderTerminate={[Function]}
        onResponderTerminationRequest={[Function]}
        onStartShouldSetResponder={[Function]}
        style={
          {
            "opacity": 1,
          }
        }
      >
        <Image
          source={1}
          style={
            {
              "height": 24,
              "left": -100,
              "width": 24,
            }
          }
        />
      </View>
      <Text
        style={
          {
            "fontFamily": "PilcrowMedium",
            "fontSize": 24,
          }
        }
      >
        Add Tags
      </Text>
    </View>
    <Text
      style={
        {
          "textAlign": "center",
        }
      }
    >
      Whatâ€™s your friend into? Adding tags helps Presently give more accurate gift suggestions.
    </Text>
    <View
      style={
        {
          "flexDirection": "row",
          "justifyContent": "center",
          "maxHeight": 200,
        }
      }
    >
      <Image
        source={1}
        style={
          {
            "height": 100,
            "width": 100,
          }
        }
      />
      <Image
        source={1}
        style={
          {
            "height": 130,
            "transform": [
              {
                "rotateY": "180deg",
              },
            ],
            "width": 100,
          }
        }
      />
      <Image
        source={1}
        style={
          {
            "height": 100,
            "transform": [
              {
                "rotateY": "180deg",
              },
            ],
            "width": 100,
          }
        }
      />
    </View>
  </View>
  <View
    style={
      {
        "padding": 20,
      }
    }
  >
    <TextInput
      onChangeText={[Function]}
      onSubmitEditing={[Function]}
      placeholder="Type to create custom tag"
      style={
        {
          "backgroundColor": "#FFF",
          "borderColor": "#E0E0E0",
          "borderRadius": 10,
          "borderWidth": 1,
          "marginBottom": 20,
          "padding": 10,
        }
      }
      value=""
    />
    <Text>
      Added Tags
    </Text>
    <RCTScrollView
      contentContainerStyle={
        {
          "maxHeight": 180,
        }
      }
      onContentSizeChange={[Function]}
    >
      <View>
        <View
          style={
            {
              "flexDirection": "row",
              "flexWrap": "wrap",
              "marginBottom": 20,
            }
          }
        >
          <Text
            style={
              {
                "backgroundColor": "#AF95E7",
                "borderColor": "#D9D9D9",
                "borderRadius": 8,
                "borderWidth": 1,
                "color": "#FFF",
                "fontFamily": "PilcrowRounded",
                "margin": 5,
                "opacity": 0.95,
                "padding": 15,
              }
            }
          >
            Pokemon
          </Text>
          <Text
            style={
              {
                "backgroundColor": "#AF95E7",
                "borderColor": "#D9D9D9",
                "borderRadius": 8,
                "borderWidth": 1,
                "color": "#FFF",
                "fontFamily": "PilcrowRounded",
                "margin": 5,
                "opacity": 0.95,
                "padding": 15,
              }
            }
          >
            Rock Climbing
          </Text>
          <Text
            style={
              {
                "backgroundColor": "#AF95E7",
                "borderColor": "#D9D9D9",
                "borderRadius": 8,
                "borderWidth": 1,
                "color": "#FFF",
                "fontFamily": "PilcrowRounded",
                "margin": 5,
                "opacity": 0.95,
                "padding": 15,
              }
            }
          >
            Chicago
          </Text>
          <Text
            style={
              {
                "backgroundColor": "#AF95E7",
                "borderColor": "#D9D9D9",
                "borderRadius": 8,
                "borderWidth": 1,
                "color": "#FFF",
                "fontFamily": "PilcrowRounded",
                "margin": 5,
                "opacity": 0.95,
                "padding": 15,
              }
            }
          >
            Male
          </Text>
        </View>
      </View>
    </RCTScrollView>
    <RCTScrollView
      contentContainerStyle={
        {
          "maxHeight": 240,
          "paddingBottom": 100,
        }
      }
    >
      <View>
        <View>
          <Text>
            Popular Tags
          </Text>
          <View
            style={
              {
                "flexDirection": "row",
                "flexWrap": "wrap",
              }
            }
          >
            <View
              accessibilityState={
                {
                  "busy": undefined,
                  "checked": undefined,
                  "disabled": undefined,
                  "expanded": undefined,
                  "selected": undefined,
                }
              }
              accessibilityValue={
                {
                  "max": undefined,
                  "min": undefined,
                  "now": undefined,
                  "text": undefined,
                }
              }
              accessible={true}
              collapsable={false}
              focusable={true}
              onClick={[Function]}
              onResponderGrant={[Function]}
              onResponderMove={[Function]}
              onResponderRelease={[Function]}
              onResponderTerminate={[Function]}
              onResponderTerminationRequest={[Function]}
              onStartShouldSetResponder={[Function]}
              style={
                {
                  "backgroundColor": "#FFF",
                  "borderColor": "#D9D9D9",
                  "borderRadius": 8,
                  "borderWidth": 1,
                  "margin": 5,
                  "opacity": 1,
                  "padding": 15,
                }
              }
            >
              <Text
                style={
                  {
                    "fontFamily": "PilcrowRounded",
                  }
                }
              >
                Movie Buff
                 +
              </Text>
            </View>
            <View
              accessibilityState={
                {
                  "busy": undefined,
                  "checked": undefined,
                  "disabled": undefined,
                  "expanded": undefined,
                  "selected": undefined,
                }
              }
              accessibilityValue={
                {
                  "max": undefined,
                  "min": undefined,
                  "now": undefined,
                  "text": undefined,
                }
              }
              accessible={true}
              collapsable={false}
              focusable={true}
              onClick={[Function]}
              onResponderGrant={[Function]}
              onResponderMove={[Function]}
              onResponderRelease={[Function]}
              onResponderTerminate={[Function]}
              onResponderTerminationRequest={[Function]}
              onStartShouldSetResponder={[Function]}
              style={
                {
                  "backgroundColor": "#FFF",
                  "borderColor": "#D9D9D9",
                  "borderRadius": 8,
                  "borderWidth": 1,
                  "margin": 5,
                  "opacity": 1,
                  "padding": 15,
                }
              }
            >
              <Text
                style={
                  {
                    "fontFamily": "PilcrowRounded",
                  }
                }
              >
                Minimal
                 +
              </Text>
            </View>
            <View
              accessibilityState={
                {
                  "busy": undefined,
                  "checked": undefined,
                  "disabled": undefined,
                  "expanded": undefined,
                  "selected": undefined,
                }
              }
              accessibilityValue={
                {
                  "max": undefined,
                  "min": undefined,
                  "now": undefined,
                  "text": undefined,
                }
              }
              accessible={true}
              collapsable={false}
              focusable={true}
              onClick={[Function]}
              onResponderGrant={[Function]}
              onResponderMove={[Function]}
              onResponderRelease={[Function]}
              onResponderTerminate={[Function]}
              onResponderTerminationRequest={[Function]}
              onStartShouldSetResponder={[Function]}
              style={
                {
                  "backgroundColor": "#FFF",
                  "borderColor": "#D9D9D9",
                  "borderRadius": 8,
                  "borderWidth": 1,
                  "margin": 5,
                  "opacity": 1,
                  "padding": 15,
                }
              }
            >
              <Text
                style={
                  {
                    "fontFamily": "PilcrowRounded",
                  }
                }
              >
                Quirky
                 +
              </Text>
            </View>
          </View>
        </View>
        <View>
          <Text>
            Aesthetic
          </Text>
          <View
            style={
              {
                "flexDirection": "row",
                "flexWrap": "wrap",
              }
            }
          >
            <View
              accessibilityState={
                {
                  "busy": undefined,
                  "checked": undefined,
                  "disabled": undefined,
                  "expanded": undefined,
                  "selected": undefined,
                }
              }
              accessibilityValue={
                {
                  "max": undefined,
                  "min": undefined,
                  "now": undefined,
                  "text": undefined,
                }
              }
              accessible={true}
              collapsable={false}
              focusable={true}
              onClick={[Function]}
              onResponderGrant={[Function]}
              onResponderMove={[Function]}
              onResponderRelease={[Function]}
              onResponderTerminate={[Function]}
              onResponderTerminationRequest={[Function]}
              onStartShouldSetResponder={[Function]}
              style={
                {
                  "backgroundColor": "#FFF",
                  "borderColor": "#D9D9D9",
                  "borderRadius": 8,
                  "borderWidth": 1,
                  "margin": 5,
                  "opacity": 1,
                  "padding": 15,
                }
              }
            >
              <Text
                style={
                  {
                    "fontFamily": "PilcrowRounded",
                  }
                }
              >
                Grunge
                 +
              </Text>
            </View>
            <View
              accessibilityState={
                {
                  "busy": undefined,
                  "checked": undefined,
                  "disabled": undefined,
                  "expanded": undefined,
                  "selected": undefined,
                }
              }
              accessibilityValue={
                {
                  "max": undefined,
                  "min": undefined,
                  "now": undefined,
                  "text": undefined,
                }
              }
              accessible={true}
              collapsable={false}
              focusable={true}
              onClick={[Function]}
              onResponderGrant={[Function]}
              onResponderMove={[Function]}
              onResponderRelease={[Function]}
              onResponderTerminate={[Function]}
              onResponderTerminationRequest={[Function]}
              onStartShouldSetResponder={[Function]}
              style={
                {
                  "backgroundColor": "#FFF",
                  "borderColor": "#D9D9D9",
                  "borderRadius": 8,
                  "borderWidth": 1,
                  "margin": 5,
                  "opacity": 1,
                  "padding": 15,
                }
              }
            >
              <Text
                style={
                  {
                    "fontFamily": "PilcrowRounded",
                  }
                }
              >
                Minimal
                 +
              </Text>
            </View>
            <View
              accessibilityState={
                {
                  "busy": undefined,
                  "checked": undefined,
                  "disabled": undefined,
                  "expanded": undefined,
                  "selected": undefined,
                }
              }
              accessibilityValue={
                {
                  "max": undefined,
                  "min": undefined,
                  "now": undefined,
                  "text": undefined,
                }
              }
              accessible={true}
              collapsable={false}
              focusable={true}
              onClick={[Function]}
              onResponderGrant={[Function]}
              onResponderMove={[Function]}
              onResponderRelease={[Function]}
              onResponderTerminate={[Function]}
              onResponderTerminationRequest={[Function]}
              onStartShouldSetResponder={[Function]}
              style={
                {
                  "backgroundColor": "#FFF",
                  "borderColor": "#D9D9D9",
                  "borderRadius": 8,
                  "borderWidth": 1,
                  "margin": 5,
                  "opacity": 1,
                  "padding": 15,
                }
              }
            >
              <Text
                style={
                  {
                    "fontFamily": "PilcrowRounded",
                  }
                }
              >
                Quirky
                 +
              </Text>
            </View>
          </View>
        </View>
        <View>
          <Text>
            Hobbies
          </Text>
          <View
            style={
              {
                "flexDirection": "row",
                "flexWrap": "wrap",
              }
            }
          >
            <View
              accessibilityState={
                {
                  "busy": undefined,
                  "checked": undefined,
                  "disabled": undefined,
                  "expanded": undefined,
                  "selected": undefined,
                }
              }
              accessibilityValue={
                {
                  "max": undefined,
                  "min": undefined,
                  "now": undefined,
                  "text": undefined,
                }
              }
              accessible={true}
              collapsable={false}
              focusable={true}
              onClick={[Function]}
              onResponderGrant={[Function]}
              onResponderMove={[Function]}
              onResponderRelease={[Function]}
              onResponderTerminate={[Function]}
              onResponderTerminationRequest={[Function]}
              onStartShouldSetResponder={[Function]}
              style={
                {
                  "backgroundColor": "#FFF",
                  "borderColor": "#D9D9D9",
                  "borderRadius": 8,
                  "borderWidth": 1,
                  "margin": 5,
                  "opacity": 1,
                  "padding": 15,
                }
              }
            >
              <Text
                style={
                  {
                    "fontFamily": "PilcrowRounded",
                  }
                }
              >
                Reading
                 +
              </Text>
            </View>
            <View
              accessibilityState={
                {
                  "busy": undefined,
                  "checked": undefined,
                  "disabled": undefined,
                  "expanded": undefined,
                  "selected": undefined,
                }
              }
              accessibilityValue={
                {
                  "max": undefined,
                  "min": undefined,
                  "now": undefined,
                  "text": undefined,
                }
              }
              accessible={true}
              collapsable={false}
              focusable={true}
              onClick={[Function]}
              onResponderGrant={[Function]}
              onResponderMove={[Function]}
              onResponderRelease={[Function]}
              onResponderTerminate={[Function]}
              onResponderTerminationRequest={[Function]}
              onStartShouldSetResponder={[Function]}
              style={
                {
                  "backgroundColor": "#FFF",
                  "borderColor": "#D9D9D9",
                  "borderRadius": 8,
                  "borderWidth": 1,
                  "margin": 5,
                  "opacity": 1,
                  "padding": 15,
                }
              }
            >
              <Text
                style={
                  {
                    "fontFamily": "PilcrowRounded",
                  }
                }
              >
                Outdoor Activities
                 +
              </Text>
            </View>
            <View
              accessibilityState={
                {
                  "busy": undefined,
                  "checked": undefined,
                  "disabled": undefined,
                  "expanded": undefined,
                  "selected": undefined,
                }
              }
              accessibilityValue={
                {
                  "max": undefined,
                  "min": undefined,
                  "now": undefined,
                  "text": undefined,
                }
              }
              accessible={true}
              collapsable={false}
              focusable={true}
              onClick={[Function]}
              onResponderGrant={[Function]}
              onResponderMove={[Function]}
              onResponderRelease={[Function]}
              onResponderTerminate={[Function]}
              onResponderTerminationRequest={[Function]}
              onStartShouldSetResponder={[Function]}
              style={
                {
                  "backgroundColor": "#FFF",
                  "borderColor": "#D9D9D9",
                  "borderRadius": 8,
                  "borderWidth": 1,
                  "margin": 5,
                  "opacity": 1,
                  "padding": 15,
                }
              }
            >
              <Text
                style={
                  {
                    "fontFamily": "PilcrowRounded",
                  }
                }
              >
                Arts and Crafts
                 +
              </Text>
            </View>
            <View
              accessibilityState={
                {
                  "busy": undefined,
                  "checked": undefined,
                  "disabled": undefined,
                  "expanded": undefined,
                  "selected": undefined,
                }
              }
              accessibilityValue={
                {
                  "max": undefined,
                  "min": undefined,
                  "now": undefined,
                  "text": undefined,
                }
              }
              accessible={true}
              collapsable={false}
              focusable={true}
              onClick={[Function]}
              onResponderGrant={[Function]}
              onResponderMove={[Function]}
              onResponderRelease={[Function]}
              onResponderTerminate={[Function]}
              onResponderTerminationRequest={[Function]}
              onStartShouldSetResponder={[Function]}
              style={
                {
                  "backgroundColor": "#FFF",
                  "borderColor": "#D9D9D9",
                  "borderRadius": 8,
                  "borderWidth": 1,
                  "margin": 5,
                  "opacity": 1,
                  "padding": 15,
                }
              }
            >
              <Text
                style={
                  {
                    "fontFamily": "PilcrowRounded",
                  }
                }
              >
                Socializing
                 +
              </Text>
            </View>
            <View
              accessibilityState={
                {
                  "busy": undefined,
                  "checked": undefined,
                  "disabled": undefined,
                  "expanded": undefined,
                  "selected": undefined,
                }
              }
              accessibilityValue={
                {
                  "max": undefined,
                  "min": undefined,
                  "now": undefined,
                  "text": undefined,
                }
              }
              accessible={true}
              collapsable={false}
              focusable={true}
              onClick={[Function]}
              onResponderGrant={[Function]}
              onResponderMove={[Function]}
              onResponderRelease={[Function]}
              onResponderTerminate={[Function]}
              onResponderTerminationRequest={[Function]}
              onStartShouldSetResponder={[Function]}
              style={
                {
                  "backgroundColor": "#FFF",
                  "borderColor": "#D9D9D9",
                  "borderRadius": 8,
                  "borderWidth": 1,
                  "margin": 5,
                  "opacity": 1,
                  "padding": 15,
                }
              }
            >
              <Text
                style={
                  {
                    "fontFamily": "PilcrowRounded",
                  }
                }
              >
                Sports
                 +
              </Text>
            </View>
            <View
              accessibilityState={
                {
                  "busy": undefined,
                  "checked": undefined,
                  "disabled": undefined,
                  "expanded": undefined,
                  "selected": undefined,
                }
              }
              accessibilityValue={
                {
                  "max": undefined,
                  "min": undefined,
                  "now": undefined,
                  "text": undefined,
                }
              }
              accessible={true}
              collapsable={false}
              focusable={true}
              onClick={[Function]}
              onResponderGrant={[Function]}
              onResponderMove={[Function]}
              onResponderRelease={[Function]}
              onResponderTerminate={[Function]}
              onResponderTerminationRequest={[Function]}
              onStartShouldSetResponder={[Function]}
              style={
                {
                  "backgroundColor": "#FFF",
                  "borderColor": "#D9D9D9",
                  "borderRadius": 8,
                  "borderWidth": 1,
                  "margin": 5,
                  "opacity": 1,
                  "padding": 15,
                }
              }
            >
              <Text
                style={
                  {
                    "fontFamily": "PilcrowRounded",
                  }
                }
              >
                Writing
                 +
              </Text>
            </View>
            <View
              accessibilityState={
                {
                  "busy": undefined,
                  "checked": undefined,
                  "disabled": undefined,
                  "expanded": undefined,
                  "selected": undefined,
                }
              }
              accessibilityValue={
                {
                  "max": undefined,
                  "min": undefined,
                  "now": undefined,
                  "text": undefined,
                }
              }
              accessible={true}
              collapsable={false}
              focusable={true}
              onClick={[Function]}
              onResponderGrant={[Function]}
              onResponderMove={[Function]}
              onResponderRelease={[Function]}
              onResponderTerminate={[Function]}
              onResponderTerminationRequest={[Function]}
              onStartShouldSetResponder={[Function]}
              style={
                {
                  "backgroundColor": "#FFF",
                  "borderColor": "#D9D9D9",
                  "borderRadius": 8,
                  "borderWidth": 1,
                  "margin": 5,
                  "opacity": 1,
                  "padding": 15,
                }
              }
            >
              <Text
                style={
                  {
                    "fontFamily": "PilcrowRounded",
                  }
                }
              >
                Working Out
                 +
              </Text>
            </View>
            <View
              accessibilityState={
                {
                  "busy": undefined,
                  "checked": undefined,
                  "disabled": undefined,
                  "expanded": undefined,
                  "selected": undefined,
                }
              }
              accessibilityValue={
                {
                  "max": undefined,
                  "min": undefined,
                  "now": undefined,
                  "text": undefined,
                }
              }
              accessible={true}
              collapsable={false}
              focusable={true}
              onClick={[Function]}
              onResponderGrant={[Function]}
              onResponderMove={[Function]}
              onResponderRelease={[Function]}
              onResponderTerminate={[Function]}
              onResponderTerminationRequest={[Function]}
              onStartShouldSetResponder={[Function]}
              style={
                {
                  "backgroundColor": "#FFF",
                  "borderColor": "#D9D9D9",
                  "borderRadius": 8,
                  "borderWidth": 1,
                  "margin": 5,
                  "opacity": 1,
                  "padding": 15,
                }
              }
            >
              <Text
                style={
                  {
                    "fontFamily": "PilcrowRounded",
                  }
                }
              >
                Cooking
                 +
              </Text>
            </View>
            <View
              accessibilityState={
                {
                  "busy": undefined,
                  "checked": undefined,
                  "disabled": undefined,
                  "expanded": undefined,
                  "selected": undefined,
                }
              }
              accessibilityValue={
                {
                  "max": undefined,
                  "min": undefined,
                  "now": undefined,
                  "text": undefined,
                }
              }
              accessible={true}
              collapsable={false}
              focusable={true}
              onClick={[Function]}
              onResponderGrant={[Function]}
              onResponderMove={[Function]}
              onResponderRelease={[Function]}
              onResponderTerminate={[Function]}
              onResponderTerminationRequest={[Function]}
              onStartShouldSetResponder={[Function]}
              style={
                {
                  "backgroundColor": "#FFF",
                  "borderColor": "#D9D9D9",
                  "borderRadius": 8,
                  "borderWidth": 1,
                  "margin": 5,
                  "opacity": 1,
                  "padding": 15,
                }
              }
            >
              <Text
                style={
                  {
                    "fontFamily": "PilcrowRounded",
                  }
                }
              >
                Gaming
                 +
              </Text>
            </View>
          </View>
        </View>
      </View>
    </RCTScrollView>
  </View>
  <View>
    <View
      accessibilityState={
        {
          "busy": undefined,
          "checked": undefined,
          "disabled": undefined,
          "expanded": undefined,
          "selected": undefined,
        }
      }
      accessibilityValue={
        {
          "max": undefined,
          "min": undefined,
          "now": undefined,
          "text": undefined,
        }
      }
      accessible={true}
      collapsable={false}
      focusable={true}
      onClick={[Function]}
      onResponderGrant={[Function]}
      onResponderMove={[Function]}
      onResponderRelease={[Function]}
      onResponderTerminate={[Function]}
      onResponderTerminationRequest={[Function]}
      onStartShouldSetResponder={[Function]}
      style={
        {
          "opacity": 1,
        }
      }
    >
      <View
        style={
          {
            "alignItems": "center",
            "alignSelf": "center",
            "backgroundColor": "#53CF85",
            "borderRadius": 20,
            "height": 60,
            "justifyContent": "center",
            "width": "60%",
          }
        }
      >
        <Text
          style={
            {
              "color": "white",
              "fontFamily": "PilcrowRounded",
              "fontSize": 20,
            }
          }
        >
          Complete Profile
        </Text>
      </View>
    </View>
  </View>
</View>
`;
